// Jest Snapshot v1, https://goo.gl/fbAQLP

exports[`class InstanceList extends _react.Component {
	constructor(props) {
		super(props);
		this.state = { instances: ['instance 01', 'instance 02', 'instance 03'] };
	}
	render() {
		return (
			_react2.default.createElement('div', { className: 'InstanceList', __source: { fileName: _jsxFileName, lineNumber: 14 }, __self: this },
				this.renderInstances()));


	}
	renderInstances() {
		return this.state.instances.map(name =>
		_react2.default.createElement(_Instance2.default, {
			key: name,
			name: name, __source: { fileName: _jsxFileName, lineNumber: 21 }, __self: this }));


	}} renders and matches our snapshot 1`] = `
<div
  className="InstanceList"
>
  <div
    className="Instance"
  >
    <p>
      <button
        className="Run"
        onClick={[Function]}
      >
        Run
      </button>
      <button
        className="Terminate"
        onClick={[Function]}
      >
        Terminate
      </button>
          "
      instance 01
      " - 
      Stopped
    </p>
  </div>
  <div
    className="Instance"
  >
    <p>
      <button
        className="Run"
        onClick={[Function]}
      >
        Run
      </button>
      <button
        className="Terminate"
        onClick={[Function]}
      >
        Terminate
      </button>
          "
      instance 02
      " - 
      Stopped
    </p>
  </div>
  <div
    className="Instance"
  >
    <p>
      <button
        className="Run"
        onClick={[Function]}
      >
        Run
      </button>
      <button
        className="Terminate"
        onClick={[Function]}
      >
        Terminate
      </button>
          "
      instance 03
      " - 
      Stopped
    </p>
  </div>
</div>
`;
